// Jest Snapshot v1, https://goo.gl/fbAQLP

exports[`Accordion Component renders empty given no Accordion without errors 1`] = `<ul />`;

exports[`Accordion Component renders the no sections by default 1`] = `
<ul>
  <li
    key="0"
  >
    <button
      onClick={[Function]}
      value={0}
    >
      Section 1
    </button>
  </li>
  <li
    key="1"
  >
    <button
      onClick={[Function]}
      value={1}
    >
      Section 2
    </button>
  </li>
  <li
    key="2"
  >
    <button
      onClick={[Function]}
      value={2}
    >
      Section 3
    </button>
  </li>
</ul>
`;
